Traceback (most recent call last):
  File "/opt/anaconda3/lib/python3.9/site-packages/jupyter_cache/executors/utils.py", line 58, in single_nb_execution
    executenb(
  File "/opt/anaconda3/lib/python3.9/site-packages/nbclient/client.py", line 1112, in execute
    return NotebookClient(nb=nb, resources=resources, km=km, **kwargs).execute()
  File "/opt/anaconda3/lib/python3.9/site-packages/nbclient/util.py", line 74, in wrapped
    return just_run(coro(*args, **kwargs))
  File "/opt/anaconda3/lib/python3.9/site-packages/nbclient/util.py", line 53, in just_run
    return loop.run_until_complete(coro)
  File "/opt/anaconda3/lib/python3.9/asyncio/base_events.py", line 642, in run_until_complete
    return future.result()
  File "/opt/anaconda3/lib/python3.9/site-packages/nbclient/client.py", line 553, in async_execute
    await self.async_execute_cell(
  File "/opt/anaconda3/lib/python3.9/site-packages/nbclient/client.py", line 857, in async_execute_cell
    self._check_raise_for_error(cell, exec_reply)
  File "/opt/anaconda3/lib/python3.9/site-packages/nbclient/client.py", line 760, in _check_raise_for_error
    raise CellExecutionError.from_cell_and_msg(cell, exec_reply_content)
nbclient.exceptions.CellExecutionError: An error occurred while executing the following cell:
------------------
pda_path = os.environ["pda-src-dir"]

'''
Here, we will interface around a very basic model for solving the 1D poisson equation.
c u_x - nu * u_xx = 1
'''
# We will start with defining an advection diffusion problem. This class does NOT meet any interface related to romtools
class advectionDiffusionProblem:
    def __init__(self , nx):
        nx_ = nx
        self.x_ = np.linspace(0,1,nx)
        dx = 1. / (nx - 1)

        ## Assemble diffusion operator and assign boundary conditions
        self.Ad_ = np.zeros((nx,nx))
        self.Ad_[0,0] = -2./dx**2
        self.Ad_[0,1] = 1./dx**2
       
        self.Ad_[-1,-1] = -2./dx**2
        self.Ad_[-1,-2] = 1./dx**2
       
        for i in range(1,nx_ -1):
            self.Ad_[i,i] = -2./dx**2
            self.Ad_[i,i-1] = 1./dx**2
            self.Ad_[i,i+1] = 1./dx**2
        
        self.Ac_ = np.zeros((nx,nx))
        self.Ac_[0,0] = 1./dx
        for i in range(1,nx_ -1 ):
            self.Ac_[i,i] = 1/dx
            self.Ac_[i,i-1] = -1./dx
    
        self.f_ = np.ones(nx)

    def assemble_system(self,c,nu):
        self.A_ = c*self.Ac_ - nu*self.Ad_

    def solve(self,c,nu):
        self.assemble_system(c,nu)
        solution = np.linalg.solve(self.A_,self.f_)
        return solution

# As an example, we can insatiate this class and solve for a given parameter insance.
adr_problem = advectionDiffusionProblem(nx=33)
c,nu = 1.,1.e-2
u = adr_problem.solve(c,nu)
plt.plot(adr_problem.x_,u)
plt.xlabel(r'$x$')
plt.ylabel(r'$u$')

------------------

[0;31m---------------------------------------------------------------------------[0m
[0;31mNameError[0m                                 Traceback (most recent call last)
[0;32m/var/folders/93/nk63fv3x72sg82k1wprycgjm003297/T/ipykernel_85906/194118073.py[0m in [0;36m<module>[0;34m[0m
[0;32m----> 1[0;31m [0mpda_path[0m [0;34m=[0m [0mos[0m[0;34m.[0m[0menviron[0m[0;34m[[0m[0;34m"pda-src-dir"[0m[0;34m][0m[0;34m[0m[0;34m[0m[0m
[0m[1;32m      2[0m [0;34m[0m[0m
[1;32m      3[0m '''
[1;32m      4[0m [0mHere[0m[0;34m,[0m [0mwe[0m [0mwill[0m [0minterface[0m [0maround[0m [0ma[0m [0mvery[0m [0mbasic[0m [0mmodel[0m [0;32mfor[0m [0msolving[0m [0mthe[0m [0;36m1[0m[0mD[0m [0mpoisson[0m [0mequation[0m[0;34m.[0m[0;34m[0m[0;34m[0m[0m
[1;32m      5[0m [0mc[0m [0mu_x[0m [0;34m-[0m [0mnu[0m [0;34m*[0m [0mu_xx[0m [0;34m=[0m [0;36m1[0m[0;34m[0m[0;34m[0m[0m

[0;31mNameError[0m: name 'os' is not defined
NameError: name 'os' is not defined

